// Jest Snapshot v1, https://goo.gl/fbAQLP

exports[`App component renders App 1`] = `
<BrowserRouter>
  <nav>
    <ul>
      <li>
        <Link
          to="/"
        >
          Home
        </Link>
      </li>
      <li>
        <Link
          to="/login"
        >
          Login
        </Link>
      </li>
      <li>
        <Link
          to="/redirect"
        >
          Redirect
        </Link>
      </li>
    </ul>
  </nav>
  <Switch>
    <Route
      path="/login"
    >
      <h1>
        Login Page
      </h1>
    </Route>
    <Route
      path="/redirect"
    >
      <Connect(withRouter(Redirect)) />
    </Route>
    <Route
      path="/"
    >
      <Connect(Home) />
    </Route>
  </Switch>
</BrowserRouter>
`;
